MXQ8HYM45Tygtv3BGWBRRdFZMP7an4n1pM/P0aiT1HXsxB6U4c0oKSC9yEBXhnM9rO7YB5HmsNw8WOR4LtLxrq6+KuCdbS/Dyh7Y3c6p24fg8X4BGS1VN2lzI75HAOiKK1uusODdiIKW+uzrPkZ2cDfIIBl5d6U1oAbR6Zk8b0mCxAAtSYP5M1wt/bmip9E=
Ty3MkEgIqYi5gVGN01Mk0R17bEUmOpy05/sVGMslVGXXCz7yZ4SucJiW0vrpPN+ys8wwKP9hTLGijINk7CxL3XmvrIZuUUgpXQtWaRhtT52D+6+rFZIhYI6mHUOovPbtnu7woton+IawvIGQRnXvxzO5Jp5nRf9cCeU0HMbhn7OvXzo1y7Wkp9c=
aq3to6ttvc8LgaxLWg2nmDMxitYmsbOGGnA1o7245kdhVAtqw9HMT9YdLVl9WQHk37mUh5umq3MLJv6n3HPjM9U4lPM6V2fie8zK8HxezuogwVnS99Q8GIPpqHGGhL+UYLQP/X2X4BbymWwpecPK+VRVS73HYyNbKZoFoGouYXOkpLKNGhY8ssbvHAbU9J2ACg1rJ/ehKq6bzZscLe0IbEp5W5OrZ/alV/2Ap/M=
21/aTNL4W3IHZ9DnbqzfwJ6J9Rkkj1A1L9dYebbYNgeQc2AvdmeiTwoQYmV8sCM14fmqrljbJkrVilFJYrGDgWkWXQsFfxc+BQB1Gh+6MPiQdWDQn3+W18WN8PWmpVWRppuKvFyBrz4/0FezCujHRsySg1lgsave+5xhHxHUp62n3A==
OquzrnuuUq2WM8EoU7m7lI3uWxVO/DwBWSZBGhBLJyt9xkhVT6YMFAZ0rosQ//iDxiL7I2p8emlMnPv5ITVyAuhXvia15gkFUp2bjWkaRSc1M09SZWztlq8W6DRQubj8r3OOu6XhqLkWCc0dJhcSEOzN91JfvE+/OsQfigxeW/XQPTOym/A5UyH4v6Gn0A==
Tx2IJydFCBRVEGnrAOAe0I3uWxVO/DwBWSZBGhBLJyt910BbSakNRgZ0rosQ//iDxiP7I2p8emlMnPv5ITVyAuhXvia15gkFUp2bjWkaRSc1M09SZWztlq8W6DRQubj8r3OOu6XhqLkWCc0dJhcSEOzN91JfvE+/OsQfigxeW/XQPTOym/A5UyH4v6Gn0A==
xmdovaBJUlE2bniJd0LlapgRqrpkBHcBrrWrI/ePpID42vQZPQLDmS6w5O1tOldw0OO0pYw73VB75EGqNjj2J5BToM/2zOMvCjCihfwQY1XhGWoO2LtmatVqkeni0cOhaTYda4Xf194FIDV6nxrwGJAVIHAfn1b3xe2wVSZFlbGmu0pc3CHvXj/wl1OKSIcmzHJD+eDR6/77fKG/kbTnjaf8
nNpGEBEJKE619ysAWzQU3Cvw9Id4spTlu6WZ9PW4SLNx5PXzc+fjYhsMKvAcHi5qRoF60teUnJgjqYhxZsTfFIB0b/2dV0CWUllMKVkDann0lau9p6PD20na5aBKbsHzBOSSjTpWXDImr3wGNDT9AOrNSyfXYYouOw27HE0t6OwqObuTyydWJfe9oKfT
jxehnM4XB2tKBmu6k6U23ryzyVL76gwRpmkEXSpnf9PWk4UnQZrzkr4/4dp26BYXkGNAH7a6Q7+KoMI1PMBDJeHpSl6YC4b6VfoxGSKBo5FpBn07RS93ToWw1crfStDokGUAoN8vNmdFfRAlZpV1gaaLqoycUU/Ov2D340qYp1bMgmOpoGELbnvsAU9R5Ie9p8w=
QQ7NFXL4K3Pn4/brQGP3zIxKOu7Gl4qmvs3RwbvUyFbsyR77h6NBMymq0UhosF5a5KKKVciCpcA2MMlNKtHEoLW8KuCdbS/Dyh7Y3c6p24fg8X4BGS1VN2lzI75HAOiKK1uusODdiIKW+uzrPkZ2cDfIIBl5d6U1oAbR6Zk8b0mCxAAtSYP5M1wt/bmip9E=
MkIlIVQFuikfkJcqgtyUiGeR1PWKDw9LVgt1z/447bi7TDEylsAmD5B7cDdWUJOHytiSnZwos71hcTo2OKNWApXCYXFCqZOJaR5NEyVHJ3ZFSAVifyKgcBD98Eh/h2YfBUXAzYa9RZmmk5qkfLmf9v8Yp0vqcFfOTBoTwQDJ25a71FEnMcy3pafU
IwbJj1a38wUfml7ZLtkgxhlDAzpYTf3VAprg5gxlWoLzHCLwFA5GCh/QQhIPZGR4ixkA8e60t7Q4xLc9ZYeYtnpJRClRE0JZLEVTfX8Te3shqm0gwt5pE/wUSk0CBgRSTr90BjwkFeAyHXNnjxHyTpO9M5zF3QBMkonj07N3DgXfrain2w==
1FLwVIY7J0GRhbnR17hJyCfx+Iph892tpLLA+bnnF+Fz/bTzc+fjYhsMKvAcHi5qQYB60teUnJgjqYhxZsTfFIB0b/2dV0CWUllMKVkDann0lau9p6PD20na5aBKbsHzBOSSjTpWXDImr3wGNDT9AOrNSyfXYYouOw27HE0t6OwqObuTyydWJfe9oKfT
fzSGR+4/UhblNRq/wj1pfY+o1iKfURqigngR3hyFzndXIHDtbJrE6OID/3/ywQkyH4Lk7PJnH4zLchd88UNk4n556mGf3CGWSbiXDaHLze0nNieWQiuhR+ds5EHDnSfAikamj5Hb6tfuR2yUERoFMLQwAqKwEl08JSKJKELg/RXWkfh4wWweSHENA2ue7oxlEqkHP7QBKqk1TbmfXaNXZntAFNIfi9pYzH1k6kJKuBNixqoI43h08RXXiV1UVuUx5fxTEXaUNIUlY9WbiF0pAf6njQ==
L38tKN5ocLqM2sBu8Dl7Zmvo9wEkhcui7diHf5p1j9ilZPrQwp+8CB4KDdArh0lNf33e7lYQBh+Qa1Dnlu4y9kpocm1ceNOtYWHa5njTNrIVMsHBAvmzmWkObUNl94eGxfhlEj/yQGAQ7ZAYv3eGr4U1YH1GbWWJpoO6dLwJP4Z/qEe7KiA33kwK8xFAubsmOyTxl3Gcl7WnxA==
xII0lXrB9CQ2zgAQ6g4AeZx5Dh5LjN8VNJHDpu3cj2uKYae8hYDShJJLdExeTsUEe9Phqd8ZdnrGhI6bEO/YcwZ6mpLqjNo5DKwb6SElEjIohx5WNVbp1RLtu51pCmVXdeOv4uUcTUZvJogkUKlYzO8jLkslUcjp1vntDSYHMuAsnZfi30zv73r0/5oMTjvFEO2TwhtA2YNhiJ+xp8A=
8WLcL61xxs4RBYenkEs/OwkE75aL0wVVmrgURSVtXQ3sDuwpNw0ZSBsO3uLfzj9388+uX1JncNyVauEoeLBOutTi1/Q5AjWghvAZbVrR9EBl/FpADe2fo5reKP3eqcunEDEuYamtxZcZM/NedwCYqvubHtBwXXgixrrcCy5GZhAHCPC5Cfc11RBGgclpPF8p0gTwjdkDSdOMbY2ZsqfB
riFsAklNuyMWjHJg1vCloNOFiWcQA1uC0x88l8ek7eLzUXJX0451rr6uem0Qbr6QmV6jBbX7D9c6MA5CytnQEWQJvowu4FpidlOkSr+LgbuOqLARisSl2GVfmms/H+m0me0NVVtQlbKh7AeAbIYw94QWt3X6mXUfBCOevynPZnkOGhTroxDvIsMFUpLbeCxQJ98I+4fQC07ViWmOm7On/g==
IRY70+DexJNf6WF+RELksTRIkjIk0thnlJqgvc3rt2AEaeKxBYoQB9FaBdKPdLZwgOa62tjrF3J7fGhIl/H0MVocK8S0XAOdsX9UZkZhUClFO36J4L2H3cuL9wu9AtngNjZ1I/AMPi1WPsiCslfghqhMabB+JaeHewn+fo/VR9xxdZy8HhFXc+cPQlXjhbynzw==
c4ZzZ1OnfGtkOl1wIx2J8iJsHvmadSwTJ243cTyV0RxtCS7OSBzevmJNUL28zY6ZIdu6rs43NPZXX8HXlqxAzcKwBVSd+8oXFwvpmMGpvcnT5PX+mQgXvATS8BsckscpMm1VE3wHTkOBW+bV1t4k96skD+57YcIuM6xsPD/b+CfPpKvCLS058rOnp9I=
vEcrIytc+tGVrv/JO9s3soVxf+BhBz+2NTyO4go50DEkaT4m6Q9aQjYzJOp/a4GbzsgwsUokpfglPxrL///plNmNjfWbsJWS4YyHIKxmMNfEdjfVOnl1P0RDHh/pL2ZZTnqUS2Pw7wKDZdIyG5gscGe/iFtHMAtulenpLltTp94=
AL7gawyrzJhNqT9ATnx+oxwTmgh4S9FTWeqBaFiwbno0YnyzVgIVYGZwuS060dSAhXz6AG3tv2N6Xoi9vqmr57CxzqGJraXXubMTnlcA+OpbG/4QUF0YYmY6PMsORkZQZ4hQeen3FZVwxiEJiTx/abKEUE05A2mT7O0tWVKnIQ==
9/BUoMJ5FWMYithAYinTu4dxf/FjETu2NTyO4go50DEkaT4g6Q9aQjYzJOp/a4GbzsgwsUokpfglPxrL///plNmNjfWbsJWS4YyHIKxmMNfEdjfVOnl1P0RDHh/pL2ZZTnqUS2Pw7wKDZdIyG5gscGe/iFtHMAtulenpLltTp94=
OZadon/Fo938FDym/krDjBwTnB5kVtFTWeqBaFiwbno0YnqzVgIVYGZwuS060dSAhXz6AG3tv2N6Xoi9vqmr57CxzqGJraXXubMTnlcA+OpbG/4QUF0YYmY6PMsORkZQZ4hQeen3FZVwxiEJiTx/abKEUE05A2mT7O0tWVKnIQ==
VvgGDWk+9ccFxvztWRJHsxwTnQh2U9FTWeqBaFiwbno0YnmzVgIVYGZwuS060dSAhXz6AG3tv2N6Xoi9vqmr57CxzqGJraXXubMTnlcA+OpbG/4QUF0YYmY6PMsORkZQZ4hQeen3FZVwxiEJiTx/abKEUE05A2mT7O0tWVKnIQ==
At6DGeoQVIt9AP1JetgTY2sRwSEuzN9igtPuudHt8WYEZ7LiE4ILFNBdJ9KPdLZwgOa62tnqGXJ7fGhIl/H0MVocK8S0XAOdsX9UZkZhUClFO36J4L2H3cuL9wu9AtngNjZ1I/AMPi1WPsiCslfghqhMabB+JaeHewn+fo/VR9NxdZy8HhFXc+cPQlXjhbynzw==
ZvLrXXtPO+l3QTqAYqXu5tLb4Z9YEdHudwppfmkF5AfbXn4LFFF/EDuT/qfAftbmCoYRIaITwCIr7DrwDH4eqpEj5VJndGxYc8m4cZbkj1Qw1J99DTcQVqJ5XClJI5q5pPU7PVcDc5sZ+hWgeg6RM/QEIg2q9ozyFs9sBiTUzUC6bdunZwH6buvtixM9DTgsmpnLE1vHhmWHnbCnww==
Hi3hhBjylkQj+l3ME1cTI4zefQtx1FnJTpyPlT4K80D2OudCNBddaVouxtHzVq6vc+/CnhZ0LfGep7W3eDpxfUX+mGjDXTUFnu84MFc87dlgIHDWeJRosvdCeOZMbGvdWe/MBo6RaCl9y7bpeC1vnaO7Dyv1UkFgrma9w8h8Fu3+rlAiemeYhlB8IRDmtQ/HU/nGHscF31PppVScZiG/s4+f2rWr9YSn9w==
Hi3hhBjylkQj+l3ME1cTI4zefQtx1FnJTpyPlT4K80D2OudCNBddaVouxtHzVq6vc+/CnhZ0LfGep7W3eDpxfUX+mGjDXTUFnu84MFc87dlgIHDWeJRosvdCeOZMbGvdWe/MBo6RaCl9y7bpeC1vnaO7Dyv1UkFgrma9w8h8Fu3+rlAiemeYhlB8IRDmtQ/HU/nGHscF31PppVScZiG/s4+f2rWr9YSn9w==
qeXvphhNgyG00NNvTt6Or6YKvgqREZJsx/RdTPxAzLaYHUDsCx6GVq+dT1iEEA0iXjcOikEaUvBR/fBVmYvioznh1Kq18iaXMC7a7CNUrbcBoG214d1FpPC3ze7Y4uVchOduODuZMy6q+X6xyq+C7kATMvHK5KW4pf8ai38/6dRZTY21G3CV0mFMh2AspjCXRLY3lbq5dX/Egx5fae9mGc66lAvjMO9CA6XScptYIjDnf4gbx/ALLhUp6W7bk6ee
dER131QVTWPn6hrAdZ5Z0VFP9bj1LbeRmde+LoclrSHPIEIYnMBf5FXsna7cDDtp8/7VIQTr9z5V3Xm4RvKNUwd6w280pIrzfmIor0B4HXe//vTeV97jOXGdiEdxMVKTIM03bh55URK3BTdy5mIvGbQL7eQgGl6wKhJ15qKOthi5Tctb9g6UVQqpHw+s4UKZ/Q1xz/VDL/bDwOxCpyuyiIQ9rJpqaqDjesayePtYXAFdF0ENvPZdoZ1y64GO9JxVbaOdq2A9MTHmp5U=
doQ+Jk9IydZL9aJ/mhh4QWciLFTLKC/LI3C0jpWQ4UBUWm4b0dXrWj9KozK9F0jf/TjFUWMIGbljIsmoguA9lZaRuPiBbN7IsQ1D697uzOXSqce/9AFqKXVNeR+doxfmO0BUUt+LGtiMfSRqAkp4k6LG6oijeLRx1ddJ3RRWpbEl8pORtpR0BWVjFRtIXemBvqfN
B+g71UWsqxgWyMoVH4ckHNxM7+AQWPMNEHQ0Rio56r3tCGm0GHqCaPyMQz+FwNgmd0pvdot22tKWg+Q6n5uBi+74cOEqVCVohY/aGx8P6YT5vc2l+8AVAkE8R/BMljDH5EZ3hVoJ9a/k897PCd9mSW5K1BsDgG+SI9US4vtoImBHj8gLJ0CL/jVZKf67o6fO
gz2VSShTzkhdrsY1T8W+SRHwceNAc3KpuDEXxJ2rN7XGfkhz0iuOF6vpTj6fdbfbwBWMfO4xB/PX79IVkyVspx8=
H2uuWzDkJd0xLRlQCJ37kWPs+wkhsZi44+XIb4A87Nr2Xsb+84qvGh1PS889xANNd2nVzTtJVjmkRkqe47FoqBZoa3wRZeapYlTU/XrTNrIVMsHBAvmzmWkObUNl94eGxfhlEj/yQGAQ7ZAYv3eGr4U1YH1GbWWJpoO6dLwJP4Z/qEe7KiA33ksL8xFAubsmOyTxl3Gcl7WnxA==
V17LMzPqKJx2/q1dP6lTcKgYI3yLrPX5ec+lHswmd+J3uIFER3wz0mW8btjMmqL8V7gQLYUeCHhJSwumI6tuAT1kG4quR0q8/UWJn9EFjsfkPtl3VmZ4RdUae/DocH128fUwNWTLnp3ybBMk/MybXclPnMbesXgpbevmKSiN/x1TG7/rhXJxYF4GjQO4nKZtbs6A4iqHiIZAHPFQtlWfR+OZNl735a9b2IWk3NaBzzMfPwr1e9WUp+c=
SDf9kmY4KFjY/+na/jA95ihd1vo8sT8wEDoMD3CO6dQUHX2Wli7e34zSDVJ/wTfc/9gnC+ow1w5LW5MBAAlb1rsU0ecxjDdlpxQ=
7tRFwWby3p4axTrvzL+xeJyzTw1KpHa8NZdfPKyFLM6+mdZMJwQ87vO+ipIeRCnpyy1xpKqO52G9GRFlQwDo1E201QNUR4eDlRVfhusp4ibjROvV79PYb1/M66o9ZZl6Y0+nOg==
u9muiiFlQsfp7gyBbXJBJjHe5PvT8cM9bd3TNrhiRmGEUl4WDWXH+KO1gUJbRB/lHPVaIXV43ZNcSzZJPGnr1LFjUzUiNmRjrvMKd2/RUs4z/VOb5B3gzHJJw9PTN26Ff21Ipzs=
2xtjqBvGG8nJ81IxrWUlQiy9lQathGIWMZ3jiGd9LSL3zJt1uC0GYamguYNYQ1pp0KGvZFXbL7XejgDTartmV4PZVt7XpQ9bOEVEXPbBbzN/fyp1WxV0pwc=
RVyjVuaYDhOwZdv9gkkgbskSiGRQhmA3s5FmFjWV/5iLRUkCE5S3hYRlwqHt6EUzNJv+CXRZA/TJU6s1WgacQ8bDwrcngbpuq23LG3yNeCzaGQsTm0dGZUcdcKcD
9+zYJkZyG6PvpqFJBAGineAhp0FhtEEthJFmFjWV/5iLRUkCE5S3hYRlwqHt6EUzNJv+CXRZA/TJU6s1WgacQ8bDwrcngbpuq23LG3yNeCzaGQsTm0dGZUcdcKcD
MfR12K6wUxB4tgmoFxqYYPrAoBn2jzM/4JazGXkAHcm/smU4IR0iiWTBSwTja+I3iLmCFVUsDx/t9RxKWpuQjzSHUa1sNo2B7XtaYV40zDV9I21LUH1BEXanBQ==
aZFNvJ1+rcy9G3z/LdcPTYzefQtx1FnJTpyPlT4K80D2OudCNBddaVouxtHzVq6vc+/CnhZ0LfGep7W3eDpxfUX+mGjDXTUFnu84MFc87dlgIHDWeJRosvdCeOZMbGvdWe/MBo6RaCl9y7bpeC1vnaO7Dyv1UkFgrma9w8h8Fu3+rlAiemeYhlB8IRDmtQ/HU/nGHscF31vopVScZiG/s4+f2rWr9YSn9w==
B/qD50zP2xxuMfTsQM2aN6GW7p5HQQJuNSdchFRluZigtafz1wW2RIukhaRXS/EDDGx80ZGGhkpxnFeFVYrTHzX2WtGgqa6tX6KBzTGZd4h6febI3d3bN5E6b77yV0KDF2kV+6u5kMU3vizuL/4rSdkd7vO7UWpjeI3P/oaZGUJfBV+iLgK3iczLNZQY+hYAwpLdFuquTijhjXPLbq7chSKpN9/kQdoJRc0p/w1jZwZrQATy78uK+Fz91AryCmgzEsZaKLO4xJGlVxn9hJaVEfX7QvFG1ORlteMlO/id+WHOp70=
iuvNMi96XTmlA5y92Xqp4WCd7nT4dSBz7JjXBrZ02+HtO2iYQSuaxaVPauArBO/gOjwEVM6A6IctPjT3crK7l1q9+gxGDNPkSiinpgXqHunNF3qiaS65GqL2JHXbzwWU6ZR5JD0VW6w2pWTYQlb/Ko1/YSTF/w3TdXaEIXW0JPylvgBBplI3t2PcPk+my9aR4mzkVdr75irVKhGp4pFD4Wl2nSuFn1eeBWC1Op9acFiQ1aCwH1/WN8UtMJUmhRVxpnvKnNzhb54/MBeTiogH5sszw7ngkWu++zwh/5H0Z82nvA==
ESgb/p1MdwuN22bFgcZ4u3gvVA8xVSLDRMw4k/ABfdIN9uC5IGyBbSL6bJpaGZ7DlFrSSeZQBm35OgN8QNaT/XRlJqN3bD8DV74Mro9+S4n5HQW2HNEKI5iN7z7mGbkCvwU/Yo6CV8nsy1VU+Hq2wKKS/VYKLu7owY2Ti84uvEUCqRcfhMF6SaXNCT+t44dGS0BkMk9Lajg8/fRKEorI83LGumgTOKRRhVf5veQWNVEV+mIxJlREJZXjRftYHRkh7qed
lPJoSCva9bQyke3eRd5ODR6xsbMxk8X0llc8/2MlUXl3fXP9THkp7egC7kp9dG9cOznVK8yPX5lxa4nLsdMMWMnZKbw5TJ+y59rgqOpUivZxYuZWuJumkslJNExlzJKMAJvD3QmS6Z5tOhX3Z9pmf6CXLusNjC0c1NpNfZFFhczgj61maLrldNQfznDLgXPGOkGeufp3AkaQaxI5unxl0LXHegPPZ+n8CbUt/eto1Trx9GdoHH6wP5TOF13KIbUX1Lt+19m3ZjGeQjRDEyivqpMdMnqrgKqZNweo07doy0YFEYnma8untg==
CWPgfZunPHRC3vF0vyLQMh6xsbMxk8X0llc8/2MlUXl3fXP9THkp7egC7kp9dG9cOznVK8yPX5l2aYnLsdMMWMnZKLw5TJ+y59rgqOpUivZxYuZWuJumkslJNExlzJKMAJvD3QmS6Z5tOhX3Z9pmf6CXLusNjC0c1NpNfZFFhczgj61maLrldNQfznDLgXPGOkGeufp3AkaQaxI5unxl0LXHegPPZ+n8CbUt/eto1Trx9GdoHH6wP5TOF13KIbUX1Lt+19m3ZjGeQjRDEyivqpMdMnqrgKqZNweo07doy0YFEYnma8untg==
2T/hvDj2QNtCNJ5q4WfkIx6xsbMxk8X0llc8/2MlUXl3fXP9THkp7egC7kp9dG9cOznVK8yPX5lxa4nLsdMMWMnZJ7w5TJ+y59rgqOpUivZxYuZWuJumkslJNExlzJKMAJvD3QmS6Z5tOhX3Z9pmf6CXLusNjC0c1NpNfZFFhczgj61maLrldNQfznDLgXPGOkGeufp3AkaQaxI5unxl0LXHegPPZ+n8CbUt/eto1Trx9GdoHH6wP5TOF13KIbUX1Lt+19m3ZjGeQjRDEyivqpMdMnqrgKqZNweo07doy0YFEYnma8untg==
nHqnxZmDbrGeCnr4NTbf8x6xsbMxk8X0llc8/2MlUXl3fXP9THkp7egC7kp9dG9cOznVK8yPX5l2aYnLsdMMWMnZJrw5TJ+y59rgqOpUivZxYuZWuJumkslJNExlzJKMAJvD3QmS6Z5tOhX3Z9pmf6CXLusNjC0c1NpNfZFFhczgj61maLrldNQfznDLgXPGOkGeufp3AkaQaxI5unxl0LXHegPPZ+n8CbUt/eto1Trx9GdoHH6wP5TOF13KIbUX1Lt+19m3ZjGeQjRDEyivqpMdMnqrgKqZNweo07doy0YFEYnma8untg==
EaHz09E9NI/WhvrQsjGApB6xsbMxk8X0llc8/2MlUXl3fXP9THkp7egC7kp9dG9cOznVK8yPX5lxa4nLsdMMWMnZJbw5TJ+y59rgqOpUivZxYuZWuJumkslJNExlzJKMAJvD3QmS6Z5tOhX3Z9pmf6CXLusNjC0c1NpNfZFFhczgj61maLrldNQfznDLgXPGOkGeufp3AkaQaxI5unxl0LXHegPPZ+n8CbUt/eto1Trx9GdoHH6wP5TOF13KIbUX1Lt+19m3ZjGeQjRDEyivqpMdMnqrgKqZNweo07doy0YFEYnma8untg==
Epnav6McFrsu9kLdUcMVuB6xsbMxk8X0llc8/2MlUXl3fXP9THkp7egC7kp9dG9cOznVK8yPX5l2aYnLsdMMWMnZJLw5TJ+y59rgqOpUivZxYuZWuJumkslJNExlzJKMAJvD3QmS6Z5tOhX3Z9pmf6CXLusNjC0c1NpNfZFFhczgj61maLrldNQfznDLgXPGOkGeufp3AkaQaxI5unxl0LXHegPPZ+n8CbUt/eto1Trx9GdoHH6wP5TOF13KIbUX1Lt+19m3ZjGeQjRDEyivqpMdMnqrgKqZNweo07doy0YFEYnma8untg==
hsj13Wo6F9mxJF2OPese6h6xsbMxk8X0llc8/2MlUXl3fXP9THkp7egC7kp9dG9cOznVK8yPX5lxa4nLsdMMWMnZI7w5TJ+y59rgqOpUivZxYuZWuJumkslJNExlzJKMAJvD3QmS6Z5tOhX3Z9pmf6CXLusNjC0c1NpNfZFFhczgj61maLrldNQfznDLgXPGOkGeufp3AkaQaxI5unxl0LXHegPPZ+n8CbUt/eto1Trx9GdoHH6wP5TOF13KIbUX1Lt+19m3ZjGeQjRDEyivqpMdMnqrgKqZNweo07doy0YFEYnma8untg==
Irla1MlKhxaEgmOpDjZ2Ih6xsbMxk8X0llc8/2MlUXl3fXP9THkp7egC7kp9dG9cOznVK8yPX5l2aYnLsdMMWMnZIrw5TJ+y59rgqOpUivZxYuZWuJumkslJNExlzJKMAJvD3QmS6Z5tOhX3Z9pmf6CXLusNjC0c1NpNfZFFhczgj61maLrldNQfznDLgXPGOkGeufp3AkaQaxI5unxl0LXHegPPZ+n8CbUt/eto1Trx9GdoHH6wP5TOF13KIbUX1Lt+19m3ZjGeQjRDEyivqpMdMnqrgKqZNweo07doy0YFEYnma8untg==
aNMo8Gen9c8EpNckjr8Ubh6xsbMxk8X0llc8/2MlUXl3fXP9THkp7egC7kp9dG9cOznVK8yPX5lxa4nLsdMMWMnZIbw5TJ+y59rgqOpUivZxYuZWuJumkslJNExlzJKMAJvD3QmS6Z5tOhX3Z9pmf6CXLusNjC0c1NpNfZFFhczgj61maLrldNQfznDLgXPGOkGeufp3AkaQaxI5unxl0LXHegPPZ+n8CbUt/eto1Trx9GdoHH6wP5TOF13KIbUX1Lt+19m3ZjGeQjRDEyivqpMdMnqrgKqZNweo07doy0YFEYnma8untg==
QYvbtMH5cidF+yPV+rJn2x6xsbMxk8X0llc8/2MlUXl3fXP9THkp7egC7kp9dG9cOznVK8yPX5l2aYnLsdMMWMnZILw5TJ+y59rgqOpUivZxYuZWuJumkslJNExlzJKMAJvD3QmS6Z5tOhX3Z9pmf6CXLusNjC0c1NpNfZFFhczgj61maLrldNQfznDLgXPGOkGeufp3AkaQaxI5unxl0LXHegPPZ+n8CbUt/eto1Trx9GdoHH6wP5TOF13KIbUX1Lt+19m3ZjGeQjRDEyivqpMdMnqrgKqZNweo07doy0YFEYnma8untg==
pAMS84UuMV6sgRp7AN2voR6xsbMxk8X0llc8/2MlUXl3fXP9THkp7egC7kp9dG9cOznVK8yPX5lxa4nLsdMMWMnZKb05TJ+y59rgqOpUivZxYuZWuJumkslJNExlzJKMAJvD3QmS6Z5tOhX3Z9pmf6CXLusNjC0c1NpNfZFFhczgj61maLrldNQfznDLgXPGOkGeufp3AkaQaxI5unxl0LXHegPPZ+n8CbUt/eto1Trx9GdoHH6wP5TOF13KIbUX1Lt+19m3ZjGeQjRDEyivqpMdMnqrgKqZNweo07doy0YFEYnma8untg==
OJZqNjnFcMU6wq9LFd1ECx6xsbMxk8X0llc8/2MlUXl3fXP9THkp7egC7kp9dG9cOznVK8yPX5l2aYnLsdMMWMnZKL05TJ+y59rgqOpUivZxYuZWuJumkslJNExlzJKMAJvD3QmS6Z5tOhX3Z9pmf6CXLusNjC0c1NpNfZFFhczgj61maLrldNQfznDLgXPGOkGeufp3AkaQaxI5unxl0LXHegPPZ+n8CbUt/eto1Trx9GdoHH6wP5TOF13KIbUX1Lt+19m3ZjGeQjRDEyivqpMdMnqrgKqZNweo07doy0YFEYnma8untg==
iuRKSb9wg97KIQEJHsbjJR6xsbMxk8X0llc8/2MlUXl3fXP9THkp7egC7kp9dG9cOznVK8yPX5lxa4nLsdMMWMnZJ705TJ+y59rgqOpUivZxYuZWuJumkslJNExlzJKMAJvD3QmS6Z5tOhX3Z9pmf6CXLusNjC0c1NpNfZFFhczgj61maLrldNQfznDLgXPGOkGeufp3AkaQaxI5unxl0LXHegPPZ+n8CbUt/eto1Trx9GdoHH6wP5TOF13KIbUX1Lt+19m3ZjGeQjRDEyivqpMdMnqrgKqZNweo07doy0YFEYnma8untg==
/tAixl9AukTrUjDQpg2Adx6xsbMxk8X0llc8/2MlUXl3fXP9THkp7egC7kp9dG9cOznVK8yPX5l2aYnLsdMMWMnZJr05TJ+y59rgqOpUivZxYuZWuJumkslJNExlzJKMAJvD3QmS6Z5tOhX3Z9pmf6CXLusNjC0c1NpNfZFFhczgj61maLrldNQfznDLgXPGOkGeufp3AkaQaxI5unxl0LXHegPPZ+n8CbUt/eto1Trx9GdoHH6wP5TOF13KIbUX1Lt+19m3ZjGeQjRDEyivqpMdMnqrgKqZNweo07doy0YFEYnma8untg==
2+1fBdfPhTAkMsdl8ZjVvwyWxxoKVKZa9MzR/CUay//VUbhuCEVDd5ASGbjrQWOHrdav0fsRDeI1Jibsn1OnNrmA3aWgT6ds6ZYIUITjAGa09TQy0CPRYYGeMgJ5Ll5q3lbJj22IGZwCFCWxoUUkaL0wcjiI97OZMY7pikV2RZP/ZsaLaLoK4GvQbcE9Vt3ZyTnl+OhjXaLQJmXgfNMelNO9U7Jy7S49AqvCEvhnAh1igIVkPasKR/d76egh+X2Zc9R1zjnYV2xkIvDrfEKH+ZJd1SPcV44TYSvmpTaO5KcLFI/e27GC/lNcas1fC7j3b5Qr8o19+aJT16ei
0EZSZIB6AU/yS2oun7C08B6xsbMxk8X0llc8/2MlUXl3fXP9THkp7egC7kp9dG9cOznVK8yPX5l2aYnLsdMMWMnZJb05TJ+y59rgqOpUivZxYuZWuJumkslJNExlzJKMAJvD3QmS6Z5tOhX3Z9pmf6CXLusNjC0c1NpNfZFFhczgj61maLrldNQfznDLgXPGOkGeufp3AkaQaxI5unxl0LXHegPPZ+n8CbUt/eto1Trx9GdoHH6wP5TOF13KIbUX1Lt+19m3ZjGeQjRDEyivqpMdMnqrgKqZNweo07doy0YFEYnma8untg==
YbORMi1I3AYdgiLvjBmupJLXMJHT68Xs3AbJP96BRj7rbVRSCknGnoEeNTJzcO7wMtSN0rS/7TfoE2fVRZbZIWCanbCYUd8s9FugeJWHiYCs9FPH5hfTtTmck9UQEwZwFas/SiFiPG8snxlpG+fFgV4Zec6CcsFGpdV3/UCv9WmEv1b9weKIoXcekcWR/kC6ORVCu5tI9kJYXOxy8wrklqA0z/09F6AWshmsKblDivkU1Qu9B+PjW2kaRaAqrqFzZCTyjVqWfLIGb9wGlHTdgMqNqyc3IWqu201bGuxtyGwK+RuTa+c2pZd9wKez
3hTvQ4yxMkGJKqyR0s/w7AyWxxoKVKZa9MzR/CUay//VUbhuCEVDd5ASGbjrQWOHrdav0fsRDeI1Jibsn1OnNrmA3aWgT6ds6ZYIUIThD2C99TE33CfRYYGeMgJ5Ll5q3lbJj22IGZwCFCWxoUUkaL0wcjiI97OZMY7pikV2RZP/ZsaLaLoK4GvQbcE9Vt3ZyTnl+OhjXaLQJmXgfNMelNO9U7Jy7S49AqvCEvhnAh1igIVkPasKR/d76egh+X2Zc9R1zjnYV2xkIvDrfEKH+ZJd1SPcV44TYSvmpTaO5KcLFI/e27GC/lNcas1fC7j3b5Qr8o19+aJT16ei
YbORMi1I3AYdgiLvjBmupJLXMJHT68Xs3AbJP96BRj7rbVRSCknGnoEeNTJzcO7wMtSN0rS/7TfoE2fVRZbZIWCanbCYUd8s9FugeJWHiYCs9FPH5hfTtTmck9UQEwZwFas/SiFiPG8snxlpG+fFgV4Zec6CcsFGpdV3/UCv9WmEv1b9weKIoXcekcWR/kC6ORVCu5tI9kJYXOxy8wrklqA0z/09F6AWshmsKblDivkU1Qu9B+PjW2kaRaAqrqFzZCTyjVqWfLIGb9wGlHTdgMqNqyc3IWqu201bGuxtyGwK+RuTa+c2pZd9wKez
JAZHubPal1Vj8sDWCVpQNgyWxxoKVKZa9MzR/CUay//VUbhuCEVDd5ASGbjrQWOHrdav0fsRDeI1Jibsn1OnNrmA3aWgT6ds6ZYIUIThDGG19jEy3iDRYYGeMgJ5Ll5q3lbJj22IGZwCFCWxoUUkaL0wcjiI97OZMY7pikV2RZP/ZsaLaLoK4GvQbcE9Vt3ZyTnl+OhjXaLQJmXgfNMelNO9U7Jy7S49AqvCEvhnAh1igIVkPasKR/d76egh+X2Zc9R1zjnYV2xkIvDrfEKH+ZJd1SPcV44TYSvmpTaO5KcLFI/e27GC/lNcas1fC7j3b5Qr8o19+aJT16ei
YbORMi1I3AYdgiLvjBmupJLXMJHT68Xs3AbJP96BRj7rbVRSCknGnoEeNTJzcO7wMtSN0rS/7TfoE2fVRZbZIWCanbCYUd8s9FugeJWHiYCs9FPH5hfTtTmck9UQEwZwFas/SiFiPG8snxlpG+fFgV4Zec6CcsFGpdV3/UCv9WmEv1b9weKIoXcekcWR/kC6ORVCu5tI9kJYXOxy8wrklqA0z/09F6AWshmsKblDivkU1Qu9B+PjW2kaRaAqrqFzZCTyjVqWfLIGb9wGlHTdgMqNqyc3IWqu201bGuxtyGwK+RuTa+c2pZd9wKez
LVQvuOZqEzL61F+YbI2MEQyWxxoKVKZa9MzR/CUay//VUbhuCEVDd5ASGbjrQWOHrdav0fsRDeI1Jibsn1OnNrmA3aWgT6ds6ZYIUIThCmG78jY22yXSYYGeMgJ5Ll5q3lbJj22IGZwCFCWxoUUkaL0wcjiI97OZMY7pikV2RZP/ZsaLaLoK4GvQbcE9Vt3ZyTnl+OhjXaLQJmXgfNMelNO9U7Jy7S49AqvCEvhnAh1igIVkPasKR/d76egh+X2Zc9R1zjnYV2xkIvDrfEKH+ZJd1SPcV44TYSvmpTaO5KcLFI/e27GC/lNcas1fC7j3b5Qr8o19+aJT16ei
YbORMi1I3AYdgiLvjBmupJLXMJHT68Xs3AbJP96BRj7rbVRSCknGnoEeNTJzcO7wMtSN0rS/7TfoE2fVRZbZIWCanbCYUd8s9FugeJWHiYCs9FPH5hfTtTmck9UQEwZwFas/SiFiPG8snxlpG+fFgV4Zec6CcsFGpdV3/UCv9WmEv1b9weKIoXcekcWR/kC6ORVCu5tI9kJYXOxy8wrklqA0z/09F6AWshmsKblDivkU1Qu9B+PjW2kaRaAqrqFzZCTyjVqWfLIGb9wGlHTdgMqNqyc3IWqu201bGuxtyGwK+RuTa+c2pZd9wKez
XoICCmp2SMnkM9jL3UUVEQyWxxoKVKZa9MzR/CUay//VUbhuCEVDd5ASGbjrQWOHrdav0fsRDeI1Jibsn1OnNrmA3aWgT6ds6ZYIUITnCG2+9TI42ibRYYGeMgJ5Ll5q3lbJj22IGZwCFCWxoUUkaL0wcjiI97OZMY7pikV2RZP/ZsaLaLoK4GvQbcE9Vt3ZyTnl+OhjXaLQJmXgfNMelNO9U7Jy7S49AqvCEvhnAh1igIVkPasKR/d76egh+X2Zc9R1zjnYV2xkIvDrfEKH+ZJd1SPcV44TYSvmpTaO5KcLFI/e27GC/lNcas1fC7j3b5Qr8o19+aJT16ei
YbORMi1I3AYdgiLvjBmupJLXMJHT68Xs3AbJP96BRj7rbVRSCknGnoEeNTJzcO7wMtSN0rS/7TfoE2fVRZbZIWCanbCYUd8s9FugeJWHiYCs9FPH5hfTtTmck9UQEwZwFas/SiFiPG8snxlpG+fFgV4Zec6CcsFGpdV3/UCv9WmEv1b9weKIoXcekcWR/kC6ORVCu5tI9kJYXOxy8wrklqA0z/09F6AWshmsKblDivkU1Qu9B+PjW2kaRaAqrqFzZCTyjVqWfLIGb9wGlHTdgMqNqyc3IWqu201bGuxtyGwK+RuTa+c2pZd9wKez
2qb8tk7mGmvbTUwwNOHHrrmtB+D0ALkbPizSHiD30f0QvVh+OG8k1wpKi9Vo50YoGXYpJ8CaLe3l8rGOHfx4t/G37/cd+tlfI7mBRSjjmkMe1Oh6jnHCIz+SZRdLIgG0z1Eg2zWtD5CFtUZfsKjzJ7n6hw56NxqzD2kNy/PZGHXffgT+J54TmSGdVqPDcWJzkE1njg45wbJHBUfSdqI/eWSLXYQQ2u7QehKlRtJORjjJzRt75k4EtTqpL+88oVK5LY0B7wWDX1YTwLwiF+uC6DS9fPp6qjBDCsZC2GsYTOENl/HtjLbtQU16uiF+tOx1nSPNi3D9oVHWp6U=
YbORMi1I3AYdgiLvjBmupJLXMJHT68Xs3AbJP96BRj7rbVRSCknGnoEeNTJzcO7wMtSN0rS/7TfoE2fVRZbZIWCanbCYUd8s9FugeJWHiYCs9FPH5hfTtTmck9UQEwZwFas/SiFiPG8snxlpG+fFgV4Zec6CcsFGpdV3/UCv9WmEv1b9weKIoXcekcWR/kC6ORVCu5tI9kJYXOxy8wrklqA0z/09F6AWshmsKblDivkU1Qu9B+PjW2kaRaAqrqFzZCTyjVqWfLIGb9wGlHTdgMqNqyc3IWqu201bGuxtyGwK+RuTa+c2pZd9wKez
6XlaXEamjkg/fB2WAP+5WgyWxxoKVKZa9MzR/CUay//VUbhuCEVDd5ASGbjrQWOHrdav0fsRDeI1Jibsn1OnNrmA3aWgT6ds6ZYIUITjAGK+9jM22CPRYYGeMgJ5Ll5q3lbJj22IGZwCFCWxoUUkaL0wcjiI97OZMY7pikV2RZP/ZsaLaLoK4GvQbcE9Vt3ZyTnl+OhjXaLQJmXgfNMelNO9U7Jy7S49AqvCEvhnAh1igIVkPasKR/d76egh+X2Zc9R1zjnYV2xkIvDrfEKH+ZJd1SPcV44TYSvmpTaO5KcLFI/e27GC/lNcas1fC7j3b5Qr8o19+aJT16ei
YbORMi1I3AYdgiLvjBmupJLXMJHT68Xs3AbJP96BRj7rbVRSCknGnoEeNTJzcO7wMtSN0rS/7TfoE2fVRZbZIWCanbCYUd8s9FugeJWHiYCs9FPH5hfTtTmck9UQEwZwFas/SiFiPG8snxlpG+fFgV4Zec6CcsFGpdV3/UCv9WmEv1b9weKIoXcekcWR/kC6ORVCu5tI9kJYXOxy8wrklqA0z/09F6AWshmsKblDivkU1Qu9B+PjW2kaRaAqrqFzZCTyjVqWfLIGb9wGlHTdgMqNqyc3IWqu201bGuxtyGwK+RuTa+c2pZd9wKez
YbORMi1I3AYdgiLvjBmupJLXMJHT68Xs3AbJP96BRj7rbVRSCknGnoEeNTJzcO7wMtSN0rS/7TfoE2fVRZbZIWCanbCYUd8s9FugeJWHiYCs9FPH5hfTtTmck9UQEwZwFas/SiFiPG8snxlpG+fFgV4Zec6CcsFGpdV3/UCv9WmEv1b9weKIoXcekcWR/kC6ORVCu5tI9kJYXOxy8wrklqA0z/09F6AWshmsKblDivkU1Qu9B+PjW2kaRaAqrqFzZCTyjVqWfLIGb9wGlHTdgMqNqyc3IWqu201bGuxtyGwK+RuTa+c2pZd9wKez
2l9U5wG6RdiJKMjPB5dg1qICD28adnpdb5oJScb6zlIUILI+L7LV9EmgYWdPkbJOUz1zmgNdT0zSCSPT8/fOBZ8taKcb
uGGUZS8+Wx3gjUK3qR08TXJIo5j2Walj3B7BQKFnm9gUCLqigLg+vqMqQZeyzOfH8znmnifFP1pPZXscBmHfs+/f+jWLNWSnFw==
aXZiUazGKyGK8DDj6Bum0hZq663UHMAv1g6ODbsytelaErqigLg+vqMqQYS9yP3H8znmnifFP1hPZXscBmHfs+/f+jWLNWSnFw==
r1qgjHXZ2t2ewxjD/ZEb6SYziATcsfy14eDQY1E31oqTlEAPOuvCCKCgv1OUcUmK3L7RR2B9Duk+jd5WYG5wvPYmjz6bkQKek/xoap9kONcvdCuSTV15QhN3pwI=
ZaKB2Ec/3pktShIMfmsz9NeZf31gS2c+jXImUyzFiBS9r2hTfUSwBlZekalfOHew/5fcXB1rejRXIQYKfuTlXu0sbP30OTvd3pSgoer1rqFupd5+MCbDO2KUzxaLmSLWw1Tows8sGN8/XGs63dXZCkNfpyo=
f2mSCY6M81SGckhqXJseiQ6u37kEH+bkvUhsF2uNhOIh2jQoL5X1G1zYgoJoyCa+u9opt4qcL4c7ib5+T1WH2Lf107xekZdzJ48CVaMFfKcP
JyVV4fAQ9fU0hJv4ot/TKBZw7a/PDsAv1g6ODbsytelaErqigLg+vqMqQYS9yP3H8znmnifFP1NJZXscBmHfs+/f+jWLNWSnFw==
eupeAK2s/uXvcHzSfoGGFg6qxvlMWaK43EhsF2uNhOIh2i4uLY7nG1zYgoJoyCa+u9opt4qcL4c7ib5+T1WH07H107xekZdzJ48CVaMFfKcP
xBXQR1n2BpluBQp7/INssoPwVTDmIvfmCaMfKWpxSmWWVP8ZmiUM4eHsVktm0KRaxAxsEBnbWUK/KmjHR/x+es219AC65m8fbuvP8jDE0M22e0ZsGop/TLeZZOXPuvP30JBiyJgwjiOhbH3dFHXVh+HR511i+nW105HvFxbsQA1CcAUUHbvK15dL6dhBab2JU6T1PhnIF/yEEvDbnNLH6bKtVVP8R06DARvmlVYeJLcrZA8u+6HCbrNsY/2/lPjnT2Srgq1tOTIz56eS
TcUAUh2AI2EQPm0QGO4k4bQQFzSvtOLUXVP3jr/B3Y0r+moOJiIxi1hjrWKWA/bBa2ON03qhase2aIdMDQMm/0tqLa/EMq4YdxVi7c/wNMrYN6pNVn7ulEdm239Ex+vUG63sRhI6zA5WaW0qPR9Qu509Pac3D9YkDV9/Nw918kLolz7mtaaJxVJdG81pWsXnNfPPEmWsbVavVmh0UHk4PK8zDvulISj5FklN3SbXklDsjXeSX/zP/zoEn0oDH9u60P2zcpuwuZMhOD/hp5A=
eUKIRfOl1vAl11myq4ALEzs3l7KLR7nl87zGbJYnrTaiCHVG+6RellWu/N2vFiB4oPTWAEqm+CsGskr7RPKKSDB8nzxr65zsak91vkFMRjzi/uOMd+vfBQiUklEPX2yqecp3Pl1qQAPNHTp60GksC6g/8tQnAUaBID9A6LmMthi5Tctb9g6UVQqpHw+s4UKZ/Q1xz/VDL/bDwOxCpyuyiIQ9rJpqaqDjesayePtYXAFdF0ENvPZdoZ1z6oGB9JxVbaOdq2A9MTHmp5U=
ZthTjwM68AiPu1eK1U+uqDs3l7KLR7nl87zGbJYnrTaiCHVG+6Rem1Wu/NCvFiB4oPTWAEqm+CsGsmbsRPuWRid8nzxr65zsak91vkFMRjzi/uOMd+vfBQiUklEPX2yqecp3Pl1qQAPNHTp60GksC6g/8tQnAUaBID9A6LmMthi5Tctb9g6UVQqpHw+s4UKZ/Q1xz/VDL/bDwOxCpyuyiIQ9rJpqaqDjesayePtYXAFdF0ENvPZdoZ1z6oGB9JxVbaOdq2A9MTHmp5U=
BPSRte+by74+uZqoimtHHcVXpfVrSI23DVYHlyCKI+3Sn7S0ikNy5JQXEy66Hj0R0Tdj7caPeyTKX/afscJiwPavJEyJMJ3zmuBsT3OyR1SwMPTO9WAB8/kp7vR0fSmHGkYv+qFyqzKGz4vdfLYWMdpHfo+kOFHZ4C3GX6ZEHxTA9C/9XdcAlhLZjCmZgyp5tBVrvecjg9uJWiWgCu4B88Rk0o161pwyZi88BvS0PQCqTYsnF+HKLnuNexMMrafs6rl7k4unliU3PeCnkw==
fjwunixOlVMHb7Cj18euTDs3l7KLR7nl87zGbJYnrTaiCHVG+6Rem1Wu/NCvFiB4oPTWAEqm+CsGskr7ROyXSTp8nzxr65zsak91vkFMRjzi/uOMd+vfBQiUklEPX2yqecp3Pl1qQAPNHTp60GksC6g/8tQnAUaBID9A6LmMthi5Tctb9g6UVQqpHw+s4UKZ/Q1xz/VDL/bDwOxCpyuyiIQ9rJpqaqDjesayePtYXAFdF0ENvPZdoZ1z6oGB9JxVbaOdq2A9MTHmp5U=
UP+Vx+Tt4Not9KwX9vWW4sVXpfVrSI23DVYHlyCKI+3Sn7S0ikNy6ZQXEyO6Hj0R0Tdj7caPeyTKX+eZs9dm1PavJEyJMJ3zmuBsT3OyR1SwMPTO9WAB8/kp7vR0fSmHGkYv+qFyqzKGz4vdfLYWMdpHfo+kOFHZ4C3GX6ZEHxTA9C/9XdcAlhLZjCmZgyp5tBVrvecjg9uJWiWgCu4B88Rk0o161pwyZi88BvS0PQCqTYsnF+HKLnuNexMMrafs6rl7k4unliU3PeCnkw==
jh8DlWeBGYPmk4xU6pig+e30EN7vEL8e7QSGYeHZy+Pvww8mu48p7hbFKiioy/ddiU+DkjbezJBfoW/UgQLMmuQWxuxnIWrpz/Q8/sjDwml2Wgbgl1KTuwQDo2DL2QTisp6k+sbd5a69m9gPDclVA5erPlDd6zfzT7G6djjj1sKVguExQmkTyWlezdMlB6c2RYiFIn9iILAQvXCIf0fmXwWFQA2G/cVZplMa5Hx5Hzb/WCeL6rDXjkPbk44AiVtWu5TRZzEMN+WnlA==
SO/0xlz+JGkncKKw5Kg2pe30EN7vEL8e7QSGYeHZy+Pvww8mu48p7hbFKiioy/ddiU+DkjbezJBfoWbHix/MmOQWxuxnIWrpz/Q8/sjDwml2Wgbgl1KTuwQDo2DL2QTisp6k+sbd5a69m9gPDclVA5erPlDd6zfzT7G6djjj1sKVguExQmkTyWlezdMlB6c2RYiFIn9iILAQvXCIf0fmXwWFQA2G/cVZplMa5Hx5Hzb/WCeL6rDXjkPbk44AiVtWu5TRZzEMN+WnlA==
NWvB229n7KHTRzw1Gnz2e5CZRPTJsK8yXGGnflNmzC2IcrOAl/UJ9HEJkGVpKoKCjRhGHD/iDdUSbZ0TaDIvEjAJV1In2tQ8ohJ/E2bvz+4I0KAhnl+mEMK+L4D/XaS5N+5DW7h0wnQARB6vKej9QazhJetJdYehOk6l+RvVr8tuOHAhqhQlKAVP2tufT+nEeX3NZXuAFULB/EcwzNYwh2SGd0XaSfXvZDPeD4mfZgnuitTbg8Bv0qMVEiJ7KCMhx0DIy6cAi761mSk+O+Onjg==
WpvZIFWMP89T2aOQ0L9GNtPMwr7RZHzz7tEz7SK99ce1TCBVuglMEQF609yq2ZO1JmhaPqjLFmft/3reANGYuJciX3st68+7hvznQxgHnMgTeYYeh4UfWCwlmpymof+zzx+atWt1RKc3
wS/DXXE8rR3CKlde4tFnjuVEncJnCC0ZnXRscmgIYoc5dArykmBPTGNVEQ41JinP9bGshIzyZ0PuNMO8vLRyLf8qaprVmbPrkWNLOwJ0W9N0v3gotyHqrltN2x5rbUZsivmbk+vntqUXfUCnMw==
zbW15aEpR/XIZNgQ1x+2UcvM6Du3WBEJDYPdGzPzVZ/fpPCqV0gyb1F+YQozcTnZKe15m0x1fxKfyAohlLZYZPvQOKo7Tqnof2/tSALMQTGlu7XE4NVlXlGNdJzgDOcar5cROYd+exGFyoCAAC9+tGVcNX2XavPuH/sxfwfIV0bB1vMtv6xraOBp7dZvxeCv6KbxERnPgduNj3LX8JIe9sx0gtyZm/bg0Y9GVmxgvl9bMPB8n96jr/1k9//vNckxp2V7wGpoj55o/jDOQ/Afh2YVPNK3DN3oj6wEsl7mc3/gstRea992/91FNb8ZiPeh98FP75bMEiXQGUhBbwQ4czlKdhKf+lwb/per5gLO7uMKmtOj5fOJfLielZiWEWwdxr2J3s2CA8TVO4XnVcJMJaXQzIglyugldlb/A0Potou2L75lopiMsUo/7p51HtktMvWrlWkCdU9VG5+qpdS9/g++GKzQIchUD5teA+WZ+JH24f0FJg8i+AzlpyofBJ9XmmxvEonCq1pxVWMKWwjpe0GQj7mnyA==
RQ7ajfzqDqtVT24FMD6ylw9OlSRCJvtgwpGE5RFO+55Q9aBkeUAJK1j9loA7Nkf4ug6yf5mfs3xJFfm+vWhEmdBEcNSxfrAxOp3xk0yPLSo7l2DR8G8JoJo7l61eJulY6wG7ywy7xDfh9agJSQIFiLiIBfE3j5A3xY1HwwiDKl8PkYeFrbnwb5MFMcyKz/MH8va+3K3rHBnAn9KxnGDiiLU4F+gv6OFpRLiZnUyEkyQ3CK6Pm4rRfzEdxmHXBWp3sk+wI97xXfqXIQcEXdIr64dJVpLeZp93wwOh8//WR2aBFV4Eqf4jW8B4xtFGN7oRn4GQ4yp1grbj7AyManqUt0N+Mv2xvE/PRbLCUvQJQ+p5eHK+EUkuZXwX9QQNBy1utsp8YmZjY73dzT0ZeMeinRV6VPH7NqVFpdbMamWNFlvvsIqyFLR4sueiqKYcjPtd6Q98Rr5xWClNK4apyM3fHTNbX2slslFgvkbtgxjchm0ODiBiikfohqBcUdAWFX9Hw1mW3hclz1n9xQNdtkEvMz//anWblbSnxw==
xhYBaj7kl0I5NMw+BI7QxBPCAhZ7VcAIaUdC13zb1M7u+A4FCaQ6V81W63J90eg0V+39vGPew4L2O/fvsZWbLjABElMhd817hDcJVxpNmaye5UF+tsajsiSuVx9maLH1AYZy5kUH3flJemBvkRg5v3iysMYDjDc1zWenZG93zRgsDrDFusJdXgkDV5BHaLcJfREXwnMQGTRvs192P07oe4GYn29kGRBkjS8Z9fUdZT3+eSDYeuDUVt4COQFiBhndalhcCvqp47JMgt+kl6nVFjsRf79t5/8HZ94KMls44GzcADPaG7EeV8BsN7YprueeCJwOLJfpeBAIAEvFYpmVl5kxqWIz18/Dc5FWNqajeOsEL38OHCXhqOqMfyAIPfaFx6jyZGpV8livneXJ/bpQLBk2RlsIC96f1QBtGJciHWmp6WWoCNMdUnB2ZbDcI14kM+3TYhJd7k2ie8LCWBfCrQJQBTTdG0q3VyvpuIEJPSmThPUeWWiXHMTy8DvcMkdJ8o1VczznzuPBe+b1ln6kF+tEDw67AUKO84xpGP98eUcPRKuibc25UvOHp/I=
WjUJxuoQpkW+U8RnGlCDShgueL9qpfKzm9DV5DTrKhIXGG2jldVOrcdc22P35kdjj9l2a3DOUk8jaNoMBQMN8PbWbsr7QO4xVmuYvrO+5GPxOAopx2ytD2daeedutNvlOLfZiq8P/IG8hz2grtPb/cK+ffgfOcf7AJOQ9zWdJPn1ejForJAZIXsnZLexJYuTFJs+PztpO/UhUaQvRy09/Hb3h6dmbiIMYYMoGfT3HmEA+HYowQDr2CPANSkQUBXt8HynRCMQst9XIqX/xbWKscsdfpeGNwzTUpmJOsMJCzQh6t9LE9HKwpKOq3f36+2jY07TxnUtIjSl1nebFBBKIfpPjvGLmYwzZt12NpdEwNx2YoDXd4aOjT1UG4+Rms5iCDE3Su3g7m7dIRplSH851JGfuc7C8oBSaku3/YklsWnEP5b9AWJIoTee0cVRfoC6eZUCu9vINkKY3Kxys4qklmC0D/19l+AW8plsKXnDyvlUVUu9x2MjWymaBaBqLmFzpKSyjRoWPLLG7xwG1PSdgAoNayf3oSqum82bGSntD21KeVuTq2f2pVf9gKfz
jOdRbdZlirZ9ibJvQYaLKI3I6O7gGZlBMuMHndcQYmrn6AG2zArgfmwy+Ceq1chcHIoos6qktcI/b9CV6Xz4omixNUcUtYeXmzEsOOtQ9RESLdMG/OKX2y5UYaE5ahLCrRvtDVF2YGuZ5CmrgJ6QIivQxwGVq+cgp8udzJRiUGHSXu0qkY/XFM8UJ50Fvbem28xpgLf/n7J3cjgvuXT/S4wFIJCVIxnx/eF1KQZVADxSvCRihs55Raq6SQnSNLyukjVTxtQOXyAf1UWCQ73f28U7j7O/ksr2EwQwOOTsU/7zrS6j2GA3siFS94rwsC7Iv7WIJFDMC4GqJcVDIV1JxltLf7frHdayLt/of3yD32q0+ZEcMsC/5EABJtH/RJJAgknCrLeR5c31RkA44RpmvyBXLquNzC1cX55NvRGFhQxgT60m6PrlNFRfzrBLQXMGuoGe+Xo3AgYQKxL5OrxlEDUHekNPJ+m8ifUtPWuo1fpxNGconD6wfxSOF51K4bXXVHt+l1n3ZnEeAjSDk+ivahPdMjorwKzYt0OpEzeoy4aF0Ymm64un9g==
jPr0JHrzkaYVIMMaGz8zpU7IlHrxPBcIHdgndXUk7cYDr8RH5ypuMtVTstq0ePmeHF/FxAXrFxFe/s31o+jOjh3Rkf1OG8Q52Je3mlxjsva7oBhANzWSPvk3TdiCXCHhZYvV9ODlBW6RXRQMYJxHSm9nMUmHjlthxRogEIC/nuQlbNVNl1oT3l+r0e+HWPeWgabT3b/cS5ggOU1G71WAfyiWkSEZ/+HrTV8SR3ACvqYMhKKsmWvWkJFf5sbs8F4PGwAQTJ/uQ5+9NBdvb6Vp4ecVWzBqGK9uqK6QXsNgf1emJVzitzy92E98ZCLedtMvIEL0LmsvVo+dlZUvmRgX8bfxr9+W/PIVkEmo0e+UmKN5Olbin4p86z7HC3aCXo4zyqqzk+XD6Ux4TvUIFoHMTQZNqa7NciO0lesld9VSrHXl4Cy4JfoIFTYGH5PDeBZb9l+elaLorEGKb04O9Y65/fLFy6VpMhV/lcv/OiVEHa7PTjjc0NHoJE9L/pNlCRjBttEdNSY/wshMtUe6n5Q/h9ocT+KMtoupsQXDmtuYiauBoO+Jp/g=
jPr0JHrzkaYVIMMaGz8zpU7IlHrxPBcIHdgndXUk7cYDr8RH5ypuMtVTstq0ePmeHF/FxAXrFxFe/s31o+jOjh3Rkf1OG8Q52Je3mlxjsva7oBhANzWSPvk3TdiCXCHhZYvV9ODlBW6RXRQMYJxHSm9nMUmHjlthxRogEIC/nuQlbNVNl1oT3l+r0e+HWPeWgabT3b/cS5ggOU1G71WAfyiWkSEZ/+HrTV8SR3ACvqYMhKKsmWvWkJFf5sbs8F4PGwAQTJ/uQ5+9NBdvb6Vp4ecVWzBqGK9uqK6QXsNgf1emJVzitzy92E98ZCLedtMvIEL0LmsvVo+dlZUvmRgX8bfxr9+W/PIVkEmo0e+UmKN5Olbin4p86z7HC3aCXo4zyqqzk+XD6Ux4TvUIFoHMTQZNqa7NciO0lesld9VSrHXl4Cy4JfoIFTYGH5PDeBZb9l+elaLorEGKb04O9Y65/fLFy6VpMhV/lcv/OiVEHa7PTjjc0NHoJE9L/pNlCRjBttEdNSY/wshMtUe6n5Q/h9ocT+KMtoupsQXDmtuYiauBoO+Jp/g=
jOdRbdZlirZ9ibJvQYaLKI3I6O7gGZlBMuMHndcQYmrn6AG2zArgfmwy+Ceq1chcHIoos6qktcI/b9CV6Xz4omixNUcUtYeXmzEsOOtQ9RESLdMG/OKX2y5UYaE5ahLCrRvtDVF2YGuZ5CmrgJ6QIivQxwGVq+cgp8udzJRiUGHSXu0qkY/XFM8UJ50Fvbem28xpgLf/n7J3cjgvuXT/S4wFIJCVIxnx/eF1KQZVADxSvCRihs55Raq6SQnSNLyukjVTxtQOXyAf1UWCQ73f28U7j7O/ksr2EwQwOOTsU/7zrS6j2GA3siFS94rwsC7Iv7WIJFDMC4GqJcVDIV1JxltLf7frHdayLt/of3yD32q0+ZEcMsC/5EABJtH/RJJAgknCrLeR5c31RkA44RpmvyBXLquNzC1cX55NvRGFhQxgT60m6PrlNFRfzrBLQXMGuoGe+Xo3AgYQKxL5OrxlEDUHekNPJ+m8ifUtPWuo1fpxNGconD6wfxSOF51K4bXXVHt+l1n3ZnEeAjSDk+ivahPdMjorwKzYt0OpEzeoy4aF0Ymm64un9g==
Ccd4HQekMzlzGuAvlBYl7xYov/WXV6s5iFScFLB3v+ZdQuL8gKF75N90Z8PpmdbU8znmnifFP19JZXUdBmHfs+/f+jWLNWSnFw==
PoWPGpduMOwMK6uBDtmF3mZpaBfsBcG6mY5QD6zovzVtjyBX3TH656BOpDRFJeSMF4jebWLCfYXyKgU45Rsae2SBZLdf5XgmlnTORDk5zn+ud0UFGMeT8flzPPsRyQPaLjkbE6ZuO0ctUX5Gy7TJa5JsLdxlz0mIBvWoZTk9guwwAw7t9pwI4+xv46/H/OXt7X3FwtOWrX/ceH3hHqZVwgMnldlqSq694x97ECoNGU6xU4SQ2J9816NoNeZqjdVkGmoo42KwAC/lm7x/XpiIJDinIo/vV2NYO/52vx5b+Dl4cGpXPvY+bxUWzL90mbAnYOnegZm7YlYuN/8eiPSq/a4bFAm8dl2QsnTUBipH/QIMBY/AcS97znyqSnX9GscEzEYvNRBlQmvL/LN7k54ItsKa2B9dXeOxA+FGuxxtqwbqCUVKG4WbqvKSW/Eoq9HMNEqqyMZSWd6WXiLwxa3Xc0K+AA3mqfNXOFH2seHtDSdhkxvO74AAOlN7pqC4nTByHpq0O9ZGHiDvKKhpwbd9JagmKVnxvcC5uaAIPJHDgYPUjaXpiqf5
PoWPGpduMOwMK6uBDtmF3mZpaBfsBcG6mY5QD6zovzVtjyBX3TH656BOpDRFJeSMF4jebWLCfYXyKgU45Rsae2SBZLdf5XgmlnTORDk5zn+ud0UFGMeT8flzPPsRyQPaLjkbE6ZuO0ctUX5Gy7TJa5JsLdxlz0mIBvWoZTk9guwwAw7t9pwI4+xv46/H/OXt7X3FwtOWrX/ceH3hHqZVwgMnldlqSq694x97ECoNGU6xU4SQ2J9816NoNeZqjdVkGmoo42KwAC/lm7x/XpiIJDinIo/vV2NYO/52vx5b+Dl4cGpXPvY+bxUWzL90mbAnYOnegZm7YlYuN/8eiPSq/a4bFAm8dl2QsnTUBipH/QIMBY/AcS97znyqSnX9GscEzEYvNRBlQmvL/LN7k54ItsKa2B9dXeOxA+FGuxxtqwbqCUVKG4WbqvKSW/Eoq9HMNEqqyMZSWd6WXiLwxa3Xc0K+AA3mqfNXOFH2seHtDSdhkxvO74AAOlN7pqC4nTByHpq0O9ZGHiDvKKhpwbd9JagmKVnxvcC5uaAIPJHDgYPUjaXpiqf5
MWTwpWYuItu5P21ifzRAgJC8RlGWCor29qd15TpEhci3fWmoIgTUa+rxu3SmNUdPw55luntzHCUHjUove5/Af76iSunr4RhnNThU1YiA7kVsosDPq1m2Jz1tF8tSZ7+5jUaggZWPKO6126Pp8NpFxGf3/NTDQMsv59ToTca5l01MMH67wLG4XEa/IletcwmMyzGDRSue/XaDYzJAE/0w1lveDR+bxWRKoKHtJ3UMJH03Ut9raoz2f1KLTVBbOkT9G7hUUua/LHBOcysj8qOQ6Cb4Vh/M00G3zcTVRhgjsCt2pfbI5MuwdrDzm65CI/rpHrsOUTAdN1vMCsCPkcImhGQh4KPaVfK2E8x8TJra5DfT3mI9YZxfz1XSkpIkadNqyRjCfiEpHmVMd8XEvWed7iaqrKI2A3O9ze3t2ShnMh1l2qQxixZVRdX2PCoVLebbfxBa8kSUaLL3QnjmTGxr3VnvzAaOkWgpfcu26Xgtb52juw8r9VJBYK5mvcPIfBbt/q5QInpnmIZQfCEQ5rUPx1P5xh7HBd9d7qVXmGYgv7OPn9q1q/WEp/c=
MkhpsATZcga58DCcmAdiTPnop4oC3pwtci850UB7nxh1Q6Vz5qI5hHFRGp3Hz9xQH3BfJAAQOu6hksQWlEVwIwqw6lnevdMFQhlRNcZ8Va78qEnH6Tt/cuM1kgI7iCiEh29N6+agix71uakee0OnLg==
P/kYdWlMKNDvDgBJTi1rU9b+uenqbVF0I/2t+LVuZRMAP72vlyqhOxNlXCo0w6CkjY3ZkIxxLEeL0exQhfXSAw7Dao1b06qJ9EBCaBrr01sUPT6sh4fcXB89ICjZDNbYmU3rG1aOdBXqqf9PTGHi2d0NUQ+Vw082o8DMggerEshkPUzaiuoAo1rGkrhb2DzBPRchzRx2/eG9eA/BbnF8FE2jvWvAvVHxhqf1
KdO0T+5zrHLMZOQGq6qe2qL7rxUvwZytSQYpnaRl1wbBBp7WoZ7l36xNTz/WOBWyLm0Vi63WYR8GzAmdQcuLMUNqh32zmaBhDgPHrEkBRTWyhoPbViItMx4wEPk6vGUQNQd6Q08n6byJ9S09a6jV+nE0ZyicPrB/FI4XnUrhtddUe36XWfdmcR4CNIOT6K9qE90yOivAqNy3R60TNqjLhoXRiabri6f2
EQ6ch4wY+9RbxEiElod8gU110lyo2g+NgUYab6pFHjX5bskl9K2XXjEuvi6xluXHnKUvBwZw1WpexbXzPV7hh7ak6SURA8tps0KnhaORoHk+66eUmUmF7cIuI6PGqq2rrljwQWp0JUjFL1q7Xy/ppLkdTQW74BUiAZzHUAy2MOek5vclGin1j6RTXm9J/2ZpLupUu0Ogb7JjdZJCu0goRAcvTatmYIvedfmpXvuDp+4=
G14emJuFxR6oGLVlXOlfwRguCLefDXaump+ctHsafjbYF92IoQ/Yw2dMBTjGNI2I5cWYoycNCn7FGErzrQkhYMHlUoLBz30t+ztHFJ9f30/gO/qtb17Vh9VfFlj7GZpUzQkKPhjrxppV2nG5oiHjsWkmPZvFjzduhdCVKl8qkAiQBcBAX0/2h0Vd0IXmNbWhpqtqLBzxj+6/gDeDynhnNshmI8klgUoOe8xB79FEx52n7A==
bqhXHNhNCD55ybCP1Rj6OtQ6StTk8wWjf48tIAHniHunNNUQpty9kOXdqEtHJdoGBaAaGw2h0fhBfSIqYaetlbvDFzx/N+9X4CPKxY92hX+V58YwW7HqzE2R+pa4A5YilaKhkcLJ06lpPg1zpafnFkVoxcL/gmCQEJ2w6P8nJj8FpYCtBl2FuaazWkT82d8W/zjn62rQF65I/tNhhWkatru0kcexrPeFp/Q=
J0m9lY2XBuNU1+CaGkobkp33s+66eVRvOuv+v691cgYAP72vlyqhOxNlXCo0w6CkjY3ZkIxxLEeL0exQhfXSAw7Dao1b06qJ9EBCaBrr01sUPT6sh4fcXB89ICjZDNbYmU3rG1aOdBXqqf9PTGHi2d0NUQ+Vw082o8DMggerEshkPUzaiuoAo1rGkrhb2DzBPRchzRx2/eG9eA/BbnF8FE2jvWvAvVHxhqf1
LR3mtqD3jqKo/4EaHz7ipNQ6V9ji4R6qT48tIAHniHunNNUQpty9kOXdqEtHJdoGBaAaGw2h0fhBfSIqYaetlbvDFzx/N+9X4CPKxY92hX+V58YwW7HqzE2R+pa4A5YilaKhkcLJ06lpPg1zpafnFkVoxcL/gmCQEJ2w6P8nJj8FpYCtBl2FuaazWkT82d8W/zjn62rQF65I/tNhhWkatru0kcexrPeFp/Q=
TA4PNd+OmCudb3a2HeadKh+JFWLG4Vs1KGXqS6jstydGFPzxsaKZESzRd3oZws46iYrlw5SpP/MeTPUOtumFJ0WCocN+6DmRSf+rzRsuVxEbDSD9tmc34AH1JQmqgpP3PvZtb+aUoHWyCMVs7cMqr2cz6aCxEV3xo9w1Rumw94R0anCjbKonkULVlSsMP6778WPm7aZmxM/bHM9WC9kiFkMU6IBP4x2fvhxr+l0V2UrDn6fq
wdSjAwo3YfWtExzu209zuP2J3hg1wG19No/RYR9L5VTR0+Cfh1A9JLYotZTl2aC/VxEyYiVEci/d1Rk8AbnqXrETxXEbp/+I78Nn02CnQjEfwm0bNQOuhIvFIggNVTLiaDf+xrXGSaXSPdutaToFh7WTD3JljK32L/aoVFBZeJwvk07bpcFoGZapDT0mN9KwbG03cl/cj1+6pN9qCDobFVVdclKb0HnzoVj/gafw
1ZjFGKcF2nFUM7GtGkWiG/yAww8zwyRvZoHNaxoK0RrdyeiKh1A9JLYotZTl2aC/VxEyYiVEci/d1Rk8AbnqXrETxXEbp/+I78Nn02CnQjEfwm0bNQOuhIvFIggNVTLiaDf+xrXGSaXSPdutaToFh7WTD3JljK32L/aoVFBZeJwvk07bpcFoGZapDT0mN9KwbG03cl/cj1+6pN9qCDobFVVdclKb0HnzoVj/gafw
OEWadeYG/zy5vlqgzXfhUx+zeuFcYXO7qSFU1IL+N7/9P08j3jWEAqvpTj6fdbfYxRWMee4wB/PX79IVkyVspx8=
O53CiTWHig+EEmmbeQkI487RUkHLkaU+ij8oliEVVX1vSIfbqgD3PkhuszHFWfpGO4Qxt/H81xWnZA==
AcRAgIPUt14qOGNBtKH7Zo9d8kREad3BNHTEIZs7jcWYZlk5QbgzmQrheJyhQ5EjhM31yRqnaQ==
LEDw7UDTlSTCv6vSGqUefZcBvR3SSuonovc+c4uISPXl7yg6kSUYe15Heb1kFrVRlfjnMaZRxCQV48X72B2ZIW6nHQ==
ivPxLh5YmtFJPa/BL7ssCDYhPAqwJDDm9gMU2HBjGo/KPpSxy//twgMl0vKb2Ci05/+Nm8ZwC64Vqenu2xOnHg==
O53CiTWHig+EEmmbeQkI487RUkHLkaU+ij8oliEVVX1vSIfbqgD3PkhuszHFWfpGO4Qxt/H81xWnZA==
AcRAgIPUt14qOGNBtKH7Zo9d8kREad3BNHTEIZs7jcWYZlk5QbgzmQrheJyhQ5EjhM31yRqnaQ==
YugPGBuiYAs/l8qvs/D5G/ctNglVOD0TPI8UR9ypi1QRI7M1QvbE406zandPkbJOUz1zkwNdQEnSCCPT8/fOBZ8taKcb
5oiSTm+1NaTAjEhlyZhbfvo9rNjSIJz2Symh8hiI68Cfll636uyamYxM28khBVJSqCfetjV2qbWSTXt9aeql9/WD78Ll/I3m70bIBFCJmCxvg24rJXEICVZZrW0mZ3JArH1Xwt8sr0/6FD+6A2h7pZVNUiIbYJnj4ShfUacg
7+JXgGInF0CulVnw7FSImPrAoBn2jzM/4JazGXkAHcm/smU4IR0iiWTBSwTja+IzireCFVUsDx/t9RxKWpuQjzSHUa1sNo2B7XNdYV4xzDR9I21LUH1BEXanBQ==
WfegfmDobXfro1XUoXVnmuAhp0FhtEEthJFmFjWV/5iLRUkCE5S3hYRlwqHt6EUzNJ/8B3RZA/TJU6s1WgacQ8bDwrcngbpuq23LE3uNeCnaGAsTm0dGZUcdcKcD
D9HdurE7V6Kpr0KGvh521MkSiGRQhmA3s5FmFjWV/5iLRUkCE5S3hYRlwqHt6EUzNJ/8B3RZA/TJU6s1WgacQ8bDwrcngbpuq23LE3uNeCnaGAsTm0dGZUcdcKcD
zwROJAf48CYXPPCjY9GA6Sy9lQathGIWMZ3jiGd9LSL3zJt1uC0GYamguYNYR1hn0KGvZFXbL7XejgDTartmV4PZVt7XpQ9TP0VEWfbAbzN/fyp1WxV0pwc=
EaA4kvGKD9gb0wyBWGAvojHe5PvT8cM9bd3TNrhiRmGEUl4WDWXH+KO1gUJbRB/lHPVaIXV43ZNcTzRHPGnr1LFjUzUiNmRjrvMKd2/RUs4z/VOT4x3gyXJIw9PTN26Ff21Ipzs=
OgH7THMPqcyw7Nwe2K9FmpyzTw1KpHa8NZdfPKyFLM6+mdZMJwQ87vO+ipIeRCnpyy1xpKqO52G5Gx9lQwDo1E201QNUR4eDlRVfhusp4ibjROPS79Pdb17M66o9ZZl6Y0+nOg==
Qsz/6uDr9s0e/uNKu+tlWT3aZQhjYmkb4zwOMwxOxZf8bSFcVxOtwBBoiAKCsUyX0Yf0V3m4Qdnfm/EABEJtcG5QYd3SUXww3RzyEFUtZ5Py/jDt1qnDtwgRRlFRbZ3HsdNLLv+AEBqDO/YAKB1A0u7axBsmRm4AH+jYyTE37YV45nl54bPR2WphWFwBQzHjZE2VibqnyQ==
E2dBUEP272d2CPbBDFoVWAl+bz9ce25+TeGGoEQFOva3uedQLrXOPFEuKcXx5ApvievfN0sw48mJ2Sxxv2yiBHlox3sq4LceQkxzUUX5OmY7ZHFXcVwXdacE
